Microchip MPLAB XC8 Compiler V2.45

Linker command line:

-W-3 \
  --edf=C:\Program Files\Microchip\xc8\v2.45\pic\dat\20230818022343_en.msgs \
  -cn -h+dist/default/debug\Timer_Module_TimerMode_LAB2.debug.sym \
  --cmf=dist/default/debug\Timer_Module_TimerMode_LAB2.debug.cmf -z \
  -Q16F877A -oC:\Users\moham\AppData\Local\Temp\xcAs62k.\driver_tmp_3.o \
  --defsym=__MPLAB_BUILD=1 --fixupoverflow=error \
  -Mdist/default/debug/Timer_Module_TimerMode_LAB2.debug.map \
  --md=C:\Users\moham\AppData\Local\Temp\xcAs62k.\driver_tmp_0.dat -E1 \
  -ver=XC8 Compiler --acfsm=1493 -ACODE=00h-07FFhx4 -ASTRCODE=00h-01FFFh \
  -ASTRING=00h-0FFhx32 -ACONST=00h-0FFhx32 -AENTRY=00h-0FFhx32 \
  -ACOMMON=070h-07Fh -ABANK0=020h-06Fh -ABANK1=0A0h-0EFh \
  -ABANK2=0110h-016Fh -ABANK3=0190h-01EFh \
  -ARAM=020h-06Fh,0A0h-0EFh,0110h-016Fh,0190h-01EFh \
  -AABS1=020h-07Fh,0A0h-0EFh,0110h-016Fh,0190h-01EFh -ASFR0=00h-01Fh \
  -ASFR1=080h-09Fh -ASFR2=0100h-010Fh -ASFR3=0180h-018Fh \
  -ACONFIG=02007h-02007h -DCONFIG=2 -AIDLOC=02000h-02003h -DIDLOC=2 \
  -AEEDATA=00h-0FFh/02100h -peeprom_data=EEDATA -DEEDATA=2 -DCODE=2 \
  -DSTRCODE=2 -DSTRING=2 -DCONST=2 -DENTRY=2 \
  -preset_vec=00h,intentry=04h,init,end_init -ppowerup=CODE -pcinit=CODE \
  -pfunctab=ENTRY -k \
  C:\Users\moham\AppData\Local\Temp\xcAs62k.\driver_tmp_12.o \
  dist/default/debug\Timer_Module_TimerMode_LAB2.debug.o 

Object code version is 3.11

Machine type is 16F877A



                Name                               Link     Load   Length Selector   Space Scale
C:\Users\moham\AppData\Local\Temp\xcAs62k.\driver_tmp_12.o
                end_init                             10       10        3        8       0
                reset_vec                             0        0        3        0       0
                config                             2007     2007        1        0       4
dist/default/debug\Timer_Module_TimerMode_LAB2.debug.o
                cinit                                13       13        A        8       0
                intentry                              4        4        C        8       0
                config                             2007     2007        1        0       4
                text9                               275      275      258        8       0
                text8                               E31      E31      1CF     1C62       0
                text7                               D79      D79       B8     1AF2       0
                text6                               C17      C17       52     182E       0
                text5                               C69      C69       78     18D2       0
                text4                                1D       1D      258        8       0
                text3                               4CD      4CD      1CF        8       0
                text2                               69C      69C       BA        8       0
                text1                               CE1      CE1       98     19C2       0
                maintext                            756      756       A3        8       0
                cstackBANK0                          20       20       31       20       1
                cstackCOMMON                         70       70        E       70       1
                cstackBANK1                          A0       A0       4D       A0       1
                cstackBANK3                         190      190        5      190       1
                bssBANK0                             51       51        4       20       1

TOTAL           Name                               Link     Load   Length     Space
        CLASS   CODE           
                end_init                             10       10        3         0
                cinit                                13       13        A         0
                intentry                              4        4        C         0
                reset_vec                             0        0        3         0
                text9                               275      275      258         0
                text8                               E31      E31      1CF         0
                text7                               D79      D79       B8         0
                text6                               C17      C17       52         0
                text5                               C69      C69       78         0
                text4                                1D       1D      258         0
                text3                               4CD      4CD      1CF         0
                text2                               69C      69C       BA         0
                text1                               CE1      CE1       98         0
                maintext                            756      756       A3         0

        CLASS   STRCODE        

        CLASS   STRING         

        CLASS   CONST          

        CLASS   ENTRY          

        CLASS   COMMON         
                cstackCOMMON                         70       70        E         1

        CLASS   BANK0          
                cstackBANK0                          20       20       31         1
                bssBANK0                             51       51        4         1

        CLASS   BANK1          
                cstackBANK1                          A0       A0       4D         1

        CLASS   BANK2          

        CLASS   BANK3          
                cstackBANK3                         190      190        5         1

        CLASS   RAM            

        CLASS   ABS1           
                abs_s1                               7E       7E        2         1

        CLASS   SFR0           

        CLASS   SFR1           

        CLASS   SFR2           

        CLASS   SFR3           

        CLASS   CONFIG         
                config                             2007     2007        1         4

        CLASS   IDLOC          

        CLASS   EEDATA         

        CLASS   HEAP           

        CLASS   STACK          



SEGMENTS        Name                           Load    Length   Top    Selector   Space  Class     Delta

                reset_vec                      000000  000003  000003         0       0  CODE        2
                intentry                       000004  0007F5  0007F9         8       0  CODE        2
                cstackBANK0                    000020  000035  000055        20       1  BANK0       1
                cstackCOMMON                   000070  00000E  00007E        70       1  COMMON      1
                cstackBANK1                    0000A0  00004D  0000ED        A0       1  BANK1       1
                cstackBANK3                    000190  000005  000195       190       1  BANK3       1
                text6                          000C17  000052  000C69      182E       0  CODE        2
                text5                          000C69  000078  000CE1      18D2       0  CODE        2
                text1                          000CE1  000098  000D79      19C2       0  CODE        2
                text7                          000D79  0000B8  000E31      1AF2       0  CODE        2
                text8                          000E31  0001CF  001000      1C62       0  CODE        2


UNUSED ADDRESS RANGES

        Name                Unused          Largest block    Delta
        BANK0            0055-006F             1B           1
        BANK1            00ED-00EF              3           1
        BANK2            0110-016F             60           1
        BANK3            0195-01EF             5B           1
        CODE             0003-0003              1           2
                         07F9-0C16              7
                         1000-1FFF            800
        CONST            0003-0003              1           2
                         07F9-0C16            100
                         1000-1FFF            100
        EEDATA           2100-21FF            100           2
        ENTRY            0003-0003              1           2
                         07F9-0C16            100
                         1000-1FFF            100
        IDLOC            2000-2003              4           2
        RAM              0055-006F             1B           1
                         00ED-00EF              3
                         0110-016F             60
                         0195-01EF             5B
        SFR0             0000-001F             20           1
        SFR1             0080-009F             20           1
        SFR2             0100-010F             10           1
        SFR3             0180-018F             10           1
        STRCODE          0003-0003              1           2
                         07F9-0C16            41E
                         1000-1FFF           1000
        STRING           0003-0003              1           2
                         07F9-0C16            100
                         1000-1FFF            100

                                  Symbol Table

?___fladd                cstackBANK1  00C8
?___fldiv                cstackBANK1  00AE
?___fltol                cstackBANK1  00E1
?___xxtofl               cstackBANK1  00A0
?_calc_dist              cstackBANK1  00DC
?i1___fladd              cstackBANK0  003A
?i1___fldiv              cstackBANK0  0020
?i1___xxtofl             cstackCOMMON 0070
_GIE                     (abs)        005F
_ISR                     text6        0C17
_PEIE                    (abs)        005E
_PORTA                   (abs)        0005
_RC0                     (abs)        0038
_RC1                     (abs)        0039
_T1CKPS0                 (abs)        0084
_T1CKPS1                 (abs)        0085
_TMR1                    (abs)        000E
_TMR1CS                  (abs)        0081
_TMR1IE                  (abs)        0460
_TMR1IF                  (abs)        0060
_TMR1ON                  (abs)        0080
_TRISA                   (abs)        0085
_TRISC0                  (abs)        0438
_TRISC1                  (abs)        0439
__H__absolute__          __absolute__ 0000
__Habs1                  abs1         0000
__Hbank0                 bank0        0000
__Hbank1                 bank1        0000
__Hbank2                 bank2        0000
__Hbank3                 bank3        0000
__HbssBANK0              bssBANK0     0000
__Hcinit                 cinit        001D
__Hclrtext               clrtext      0000
__Hcode                  code         0000
__Hcommon                common       0000
__Hconfig                config       2008
__HcstackBANK0           cstackBANK0  0000
__HcstackBANK1           cstackBANK1  0000
__HcstackBANK3           cstackBANK3  0000
__HcstackCOMMON          cstackCOMMON 0000
__Heeprom_data           eeprom_data  0000
__Hend_init              end_init     0013
__Hfunctab               functab      0000
__Hheap                  heap         0000
__Hinit                  init         0010
__Hintentry              intentry     0010
__Hmaintext              maintext     0000
__Hpowerup               powerup      0000
__Hram                   ram          0000
__Hreset_vec             reset_vec    0003
__Hsfr0                  sfr0         0000
__Hsfr1                  sfr1         0000
__Hsfr2                  sfr2         0000
__Hsfr3                  sfr3         0000
__Hspace_0               (abs)        1000
__Hspace_1               (abs)        0195
__Hspace_2               (abs)        0000
__Hspace_3               (abs)        0000
__Hspace_4               (abs)        400F
__Hstack                 stack        0000
__Hstrings               strings      0000
__Htext                  text         0000
__L__absolute__          __absolute__ 0000
__Labs1                  abs1         0000
__Lbank0                 bank0        0000
__Lbank1                 bank1        0000
__Lbank2                 bank2        0000
__Lbank3                 bank3        0000
__LbssBANK0              bssBANK0     0000
__Lcinit                 cinit        0013
__Lclrtext               clrtext      0000
__Lcode                  code         0000
__Lcommon                common       0000
__Lconfig                config       0000
__LcstackBANK0           cstackBANK0  0000
__LcstackBANK1           cstackBANK1  0000
__LcstackBANK3           cstackBANK3  0000
__LcstackCOMMON          cstackCOMMON 0000
__Leeprom_data           eeprom_data  0000
__Lend_init              end_init     0010
__Lfunctab               functab      0000
__Lheap                  heap         0000
__Linit                  init         0010
__Lintentry              intentry     0004
__Lmaintext              maintext     0000
__Lpowerup               powerup      0000
__Lram                   ram          0000
__Lreset_vec             reset_vec    0000
__Lsfr0                  sfr0         0000
__Lsfr1                  sfr1         0000
__Lsfr2                  sfr2         0000
__Lsfr3                  sfr3         0000
__Lspace_0               (abs)        0000
__Lspace_1               (abs)        0000
__Lspace_2               (abs)        0000
__Lspace_3               (abs)        0000
__Lspace_4               (abs)        0000
__Lstack                 stack        0000
__Lstrings               strings      0000
__Ltext                  text         0000
__S0                     (abs)        1000
__S1                     (abs)        0195
__S3                     (abs)        0000
___fladd                 text4        001D
___fladd@a               cstackBANK1  00CC
___fladd@aexp            cstackBANK1  00D9
___fladd@b               cstackBANK1  00C8
___fladd@bexp            cstackBANK1  00DA
___fladd@grs             cstackBANK1  00DB
___fladd@signs           cstackBANK1  00D8
___fldiv                 text3        04CD
___fldiv@a               cstackBANK1  00AE
___fldiv@aexp            cstackBANK1  00C7
___fldiv@b               cstackBANK1  00B2
___fldiv@bexp            cstackBANK1  00C6
___fldiv@grs             cstackBANK1  00C2
___fldiv@new_exp         cstackBANK1  00C0
___fldiv@rem             cstackBANK1  00BB
___fldiv@sign            cstackBANK1  00BF
___fltol                 text5        0C69
___fltol@exp1            cstackBANK1  00EA
___fltol@f1              cstackBANK1  00E1
___fltol@sign1           cstackBANK1  00E9
___heap_hi               (abs)        0000
___heap_lo               (abs)        0000
___int_sp                stack        0000
___int_stack_hi          stack        0000
___int_stack_lo          stack        0000
___latbits               (abs)        0002
___sp                    stack        0000
___stack_hi              stack        0000
___stack_lo              stack        0000
___stackhi               (abs)        0000
___stacklo               (abs)        0000
___xxtofl                text2        069C
___xxtofl@arg            cstackBANK1  00AA
___xxtofl@exp            cstackBANK1  00A9
___xxtofl@sign           cstackBANK1  00A8
___xxtofl@val            cstackBANK1  00A0
__end_of_ISR             text6        0C69
__end_of___fladd         text4        0275
__end_of___fldiv         text3        069C
__end_of___fltol         text5        0CE1
__end_of___xxtofl        text2        0756
__end_of__initialization cinit        0019
__end_of_calc_dist       text1        0D79
__end_of_main            maintext     07F9
__end_ofi1___fladd       text9        04CD
__end_ofi1___fldiv       text8        1000
__end_ofi1___xxtofl      text7        0E31
__initialization         cinit        0013
__pbssBANK0              bssBANK0     0051
__pcstackBANK0           cstackBANK0  0020
__pcstackBANK1           cstackBANK1  00A0
__pcstackBANK3           cstackBANK3  0190
__pcstackCOMMON          cstackCOMMON 0070
__pintentry              intentry     0004
__pmaintext              maintext     0756
__ptext1                 text1        0CE1
__ptext2                 text2        069C
__ptext3                 text3        04CD
__ptext4                 text4        001D
__ptext5                 text5        0C69
__ptext6                 text6        0C17
__ptext7                 text7        0D79
__ptext8                 text8        0E31
__ptext9                 text9        0275
_calc_dist               text1        0CE1
_distance_global         bssBANK0     0051
_main                    maintext     0756
_main$662                cstackBANK3  0190
btemp                    (abs)        007E
end_of_initialization    cinit        0019
i1___fladd               text9        0275
i1___fladd@a             cstackBANK0  003E
i1___fladd@aexp          cstackBANK0  004B
i1___fladd@b             cstackBANK0  003A
i1___fladd@bexp          cstackBANK0  004C
i1___fladd@grs           cstackBANK0  004D
i1___fladd@signs         cstackBANK0  004A
i1___fldiv               text8        0E31
i1___fldiv@a             cstackBANK0  0020
i1___fldiv@aexp          cstackBANK0  0039
i1___fldiv@b             cstackBANK0  0024
i1___fldiv@bexp          cstackBANK0  0038
i1___fldiv@grs           cstackBANK0  0034
i1___fldiv@new_exp       cstackBANK0  0032
i1___fldiv@rem           cstackBANK0  002D
i1___fldiv@sign          cstackBANK0  0031
i1___xxtofl              text7        0D79
i1___xxtofl@arg          cstackCOMMON 007A
i1___xxtofl@exp          cstackCOMMON 0079
i1___xxtofl@sign         cstackCOMMON 0078
i1___xxtofl@val          cstackCOMMON 0070
interrupt_function       intentry     0004
intlevel0                functab      0000
intlevel1                functab      0000
intlevel2                functab      0000
intlevel3                functab      0000
intlevel4                functab      0000
intlevel5                functab      0000
main@dist                cstackBANK3  0194
reset_vec                reset_vec    0000
saved_w                  (abs)        007E
start                    init         0010
start_initialization     cinit        0013
wtemp0                   (abs)        007E


MODULE INFORMATION

Module		Function		Class		Link	Load	Size
C:\Program Files\Microchip\xc8\v2.45\pic\sources\c99\common\sprcdiv.c
		___fldiv       		CODE           	04CD	0000	463

C:\Program Files\Microchip\xc8\v2.45\pic\sources\c99\common\sprcdiv.c estimated size: 463

shared
		i1___fladd     		CODE           	0275	0000	600
		i1___fldiv     		CODE           	0E31	0000	463
		__initialization		CODE           	0013	0000	6
		i1___xxtofl    		CODE           	0D79	0000	184

shared estimated size: 1253

C:\Program Files\Microchip\xc8\v2.45\pic\sources\c99\common\xxtofl.c
		___xxtofl      		CODE           	069C	0000	186

C:\Program Files\Microchip\xc8\v2.45\pic\sources\c99\common\xxtofl.c estimated size: 186

C:\Program Files\Microchip\xc8\v2.45\pic\sources\c99\common\sprcadd.c
		___fladd       		CODE           	001D	0000	600

C:\Program Files\Microchip\xc8\v2.45\pic\sources\c99\common\sprcadd.c estimated size: 600

main.c
		_ISR           		CODE           	0C17	0000	82
		_main          		CODE           	0756	0000	163
		_calc_dist     		CODE           	0CE1	0000	152

main.c estimated size: 397

C:\Program Files\Microchip\xc8\v2.45\pic\sources\c99\common\fltol.c
		___fltol       		CODE           	0C69	0000	120

C:\Program Files\Microchip\xc8\v2.45\pic\sources\c99\common\fltol.c estimated size: 120

